// Jest Snapshot v1, https://goo.gl/fbAQLP

exports[`CdktfConfig generate cdktf.json following schema 1`] = `
{
  "//": "~~ Generated by projen. To modify, edit .projenrc.js and run "npx projen".",
  "app": "npx ts-node main.ts",
  "language": "typescript",
  "projectId": "c9e8d26b-bb1c-4788-a36a-2cdbc5d07833",
  "sendCrashReports": "false",
  "terraformModules": [],
  "terraformProviders": [],
}
`;
